// Vitest Snapshot v1, https://vitest.dev/guide/snapshot.html

exports[`@vuepress/markdown > plugins > codePlugin > :line-numbers / :no-line-numbers > should work properly if \`lineNumbers\` is disabled by default 1`] = `
"<div class=\\"language-text\\" data-ext=\\"text\\"><pre v-pre class=\\"language-text\\"><code>Raw text
</code></pre></div><div class=\\"language-text line-numbers-mode\\" data-ext=\\"text\\"><pre v-pre class=\\"language-text\\"><code>Raw text
</code></pre><div class=\\"line-numbers\\" aria-hidden=\\"true\\"><div class=\\"line-number\\"></div></div></div><div class=\\"language-text\\" data-ext=\\"text\\"><pre v-pre class=\\"language-text\\"><code>Raw text
</code></pre></div><div class=\\"language-typescript\\" data-ext=\\"ts\\"><pre v-pre class=\\"language-typescript\\"><code>const foo = 'foo'

function bar () {
  return 1024
}
</code></pre></div><div class=\\"language-typescript line-numbers-mode\\" data-ext=\\"ts\\"><pre v-pre class=\\"language-typescript\\"><code>const foo = 'foo'

function bar () {
  return 1024
}
</code></pre><div class=\\"line-numbers\\" aria-hidden=\\"true\\"><div class=\\"line-number\\"></div><div class=\\"line-number\\"></div><div class=\\"line-number\\"></div><div class=\\"line-number\\"></div><div class=\\"line-number\\"></div></div></div><div class=\\"language-typescript\\" data-ext=\\"ts\\"><pre v-pre class=\\"language-typescript\\"><code>const foo = 'foo'

function bar () {
  return 1024
}
</code></pre></div><div class=\\"language-typescript\\" data-ext=\\"ts\\"><pre v-pre class=\\"language-typescript\\"><code>const foo = 'foo'

function bar () {
  return 1024
}
</code></pre><div class=\\"highlight-lines\\"><div class=\\"highlight-line\\">&nbsp;</div><div class=\\"highlight-line\\">&nbsp;</div><br><br><br></div></div><div class=\\"language-typescript line-numbers-mode\\" data-ext=\\"ts\\"><pre v-pre class=\\"language-typescript\\"><code>const foo = 'foo'

function bar () {
  return 1024
}
</code></pre><div class=\\"highlight-lines\\"><div class=\\"highlight-line\\">&nbsp;</div><div class=\\"highlight-line\\">&nbsp;</div><br><br><br></div><div class=\\"line-numbers\\" aria-hidden=\\"true\\"><div class=\\"line-number\\"></div><div class=\\"line-number\\"></div><div class=\\"line-number\\"></div><div class=\\"line-number\\"></div><div class=\\"line-number\\"></div></div></div><div class=\\"language-typescript\\" data-ext=\\"ts\\"><pre v-pre class=\\"language-typescript\\"><code>const foo = 'foo'

function bar () {
  return 1024
}
</code></pre><div class=\\"highlight-lines\\"><div class=\\"highlight-line\\">&nbsp;</div><div class=\\"highlight-line\\">&nbsp;</div><br><br><br></div></div>"
`;

exports[`@vuepress/markdown > plugins > codePlugin > :line-numbers / :no-line-numbers > should work properly if \`lineNumbers\` is enabled by default 1`] = `
"<div class=\\"language-text line-numbers-mode\\" data-ext=\\"text\\"><pre v-pre class=\\"language-text\\"><code>Raw text
</code></pre><div class=\\"line-numbers\\" aria-hidden=\\"true\\"><div class=\\"line-number\\"></div></div></div><div class=\\"language-text line-numbers-mode\\" data-ext=\\"text\\"><pre v-pre class=\\"language-text\\"><code>Raw text
</code></pre><div class=\\"line-numbers\\" aria-hidden=\\"true\\"><div class=\\"line-number\\"></div></div></div><div class=\\"language-text\\" data-ext=\\"text\\"><pre v-pre class=\\"language-text\\"><code>Raw text
</code></pre></div><div class=\\"language-typescript line-numbers-mode\\" data-ext=\\"ts\\"><pre v-pre class=\\"language-typescript\\"><code>const foo = 'foo'

function bar () {
  return 1024
}
</code></pre><div class=\\"line-numbers\\" aria-hidden=\\"true\\"><div class=\\"line-number\\"></div><div class=\\"line-number\\"></div><div class=\\"line-number\\"></div><div class=\\"line-number\\"></div><div class=\\"line-number\\"></div></div></div><div class=\\"language-typescript line-numbers-mode\\" data-ext=\\"ts\\"><pre v-pre class=\\"language-typescript\\"><code>const foo = 'foo'

function bar () {
  return 1024
}
</code></pre><div class=\\"line-numbers\\" aria-hidden=\\"true\\"><div class=\\"line-number\\"></div><div class=\\"line-number\\"></div><div class=\\"line-number\\"></div><div class=\\"line-number\\"></div><div class=\\"line-number\\"></div></div></div><div class=\\"language-typescript\\" data-ext=\\"ts\\"><pre v-pre class=\\"language-typescript\\"><code>const foo = 'foo'

function bar () {
  return 1024
}
</code></pre></div><div class=\\"language-typescript line-numbers-mode\\" data-ext=\\"ts\\"><pre v-pre class=\\"language-typescript\\"><code>const foo = 'foo'

function bar () {
  return 1024
}
</code></pre><div class=\\"highlight-lines\\"><div class=\\"highlight-line\\">&nbsp;</div><div class=\\"highlight-line\\">&nbsp;</div><br><br><br></div><div class=\\"line-numbers\\" aria-hidden=\\"true\\"><div class=\\"line-number\\"></div><div class=\\"line-number\\"></div><div class=\\"line-number\\"></div><div class=\\"line-number\\"></div><div class=\\"line-number\\"></div></div></div><div class=\\"language-typescript line-numbers-mode\\" data-ext=\\"ts\\"><pre v-pre class=\\"language-typescript\\"><code>const foo = 'foo'

function bar () {
  return 1024
}
</code></pre><div class=\\"highlight-lines\\"><div class=\\"highlight-line\\">&nbsp;</div><div class=\\"highlight-line\\">&nbsp;</div><br><br><br></div><div class=\\"line-numbers\\" aria-hidden=\\"true\\"><div class=\\"line-number\\"></div><div class=\\"line-number\\"></div><div class=\\"line-number\\"></div><div class=\\"line-number\\"></div><div class=\\"line-number\\"></div></div></div><div class=\\"language-typescript\\" data-ext=\\"ts\\"><pre v-pre class=\\"language-typescript\\"><code>const foo = 'foo'

function bar () {
  return 1024
}
</code></pre><div class=\\"highlight-lines\\"><div class=\\"highlight-line\\">&nbsp;</div><div class=\\"highlight-line\\">&nbsp;</div><br><br><br></div></div>"
`;

exports[`@vuepress/markdown > plugins > codePlugin > :line-numbers / :no-line-numbers > should work properly if \`lineNumbers\` is set to a number by default 1`] = `
"<div class=\\"language-text\\" data-ext=\\"text\\"><pre v-pre class=\\"language-text\\"><code>Raw text
</code></pre></div><div class=\\"language-text line-numbers-mode\\" data-ext=\\"text\\"><pre v-pre class=\\"language-text\\"><code>Raw text
</code></pre><div class=\\"line-numbers\\" aria-hidden=\\"true\\"><div class=\\"line-number\\"></div></div></div><div class=\\"language-text\\" data-ext=\\"text\\"><pre v-pre class=\\"language-text\\"><code>Raw text
</code></pre></div><div class=\\"language-typescript line-numbers-mode\\" data-ext=\\"ts\\"><pre v-pre class=\\"language-typescript\\"><code>const foo = 'foo'

function bar () {
  return 1024
}
</code></pre><div class=\\"line-numbers\\" aria-hidden=\\"true\\"><div class=\\"line-number\\"></div><div class=\\"line-number\\"></div><div class=\\"line-number\\"></div><div class=\\"line-number\\"></div><div class=\\"line-number\\"></div></div></div><div class=\\"language-typescript line-numbers-mode\\" data-ext=\\"ts\\"><pre v-pre class=\\"language-typescript\\"><code>const foo = 'foo'

function bar () {
  return 1024
}
</code></pre><div class=\\"line-numbers\\" aria-hidden=\\"true\\"><div class=\\"line-number\\"></div><div class=\\"line-number\\"></div><div class=\\"line-number\\"></div><div class=\\"line-number\\"></div><div class=\\"line-number\\"></div></div></div><div class=\\"language-typescript\\" data-ext=\\"ts\\"><pre v-pre class=\\"language-typescript\\"><code>const foo = 'foo'

function bar () {
  return 1024
}
</code></pre></div><div class=\\"language-typescript line-numbers-mode\\" data-ext=\\"ts\\"><pre v-pre class=\\"language-typescript\\"><code>const foo = 'foo'

function bar () {
  return 1024
}
</code></pre><div class=\\"highlight-lines\\"><div class=\\"highlight-line\\">&nbsp;</div><div class=\\"highlight-line\\">&nbsp;</div><br><br><br></div><div class=\\"line-numbers\\" aria-hidden=\\"true\\"><div class=\\"line-number\\"></div><div class=\\"line-number\\"></div><div class=\\"line-number\\"></div><div class=\\"line-number\\"></div><div class=\\"line-number\\"></div></div></div><div class=\\"language-typescript line-numbers-mode\\" data-ext=\\"ts\\"><pre v-pre class=\\"language-typescript\\"><code>const foo = 'foo'

function bar () {
  return 1024
}
</code></pre><div class=\\"highlight-lines\\"><div class=\\"highlight-line\\">&nbsp;</div><div class=\\"highlight-line\\">&nbsp;</div><br><br><br></div><div class=\\"line-numbers\\" aria-hidden=\\"true\\"><div class=\\"line-number\\"></div><div class=\\"line-number\\"></div><div class=\\"line-number\\"></div><div class=\\"line-number\\"></div><div class=\\"line-number\\"></div></div></div><div class=\\"language-typescript\\" data-ext=\\"ts\\"><pre v-pre class=\\"language-typescript\\"><code>const foo = 'foo'

function bar () {
  return 1024
}
</code></pre><div class=\\"highlight-lines\\"><div class=\\"highlight-line\\">&nbsp;</div><div class=\\"highlight-line\\">&nbsp;</div><br><br><br></div></div>"
`;

exports[`@vuepress/markdown > plugins > codePlugin > :v-pre / :no-v-pre > should work properly if \`vPre.block\` is disabled by default 1`] = `
"<div class=\\"language-text line-numbers-mode\\" data-ext=\\"text\\"><pre class=\\"language-text\\"><code>Raw text
</code></pre><div class=\\"line-numbers\\" aria-hidden=\\"true\\"><div class=\\"line-number\\"></div></div></div><div class=\\"language-text line-numbers-mode\\" data-ext=\\"text\\"><pre v-pre class=\\"language-text\\"><code>Raw text
</code></pre><div class=\\"line-numbers\\" aria-hidden=\\"true\\"><div class=\\"line-number\\"></div></div></div><div class=\\"language-text line-numbers-mode\\" data-ext=\\"text\\"><pre class=\\"language-text\\"><code>Raw text
</code></pre><div class=\\"line-numbers\\" aria-hidden=\\"true\\"><div class=\\"line-number\\"></div></div></div><div class=\\"language-typescript line-numbers-mode\\" data-ext=\\"ts\\"><pre class=\\"language-typescript\\"><code>const foo = 'foo'

function bar () {
  return 1024
}
</code></pre><div class=\\"line-numbers\\" aria-hidden=\\"true\\"><div class=\\"line-number\\"></div><div class=\\"line-number\\"></div><div class=\\"line-number\\"></div><div class=\\"line-number\\"></div><div class=\\"line-number\\"></div></div></div><div class=\\"language-typescript line-numbers-mode\\" data-ext=\\"ts\\"><pre v-pre class=\\"language-typescript\\"><code>const foo = 'foo'

function bar () {
  return 1024
}
</code></pre><div class=\\"line-numbers\\" aria-hidden=\\"true\\"><div class=\\"line-number\\"></div><div class=\\"line-number\\"></div><div class=\\"line-number\\"></div><div class=\\"line-number\\"></div><div class=\\"line-number\\"></div></div></div><div class=\\"language-typescript line-numbers-mode\\" data-ext=\\"ts\\"><pre class=\\"language-typescript\\"><code>const foo = 'foo'

function bar () {
  return 1024
}
</code></pre><div class=\\"line-numbers\\" aria-hidden=\\"true\\"><div class=\\"line-number\\"></div><div class=\\"line-number\\"></div><div class=\\"line-number\\"></div><div class=\\"line-number\\"></div><div class=\\"line-number\\"></div></div></div><div class=\\"language-typescript line-numbers-mode\\" data-ext=\\"ts\\"><pre class=\\"language-typescript\\"><code>const foo = 'foo'

function bar () {
  return 1024
}
</code></pre><div class=\\"highlight-lines\\"><div class=\\"highlight-line\\">&nbsp;</div><div class=\\"highlight-line\\">&nbsp;</div><br><br><br></div><div class=\\"line-numbers\\" aria-hidden=\\"true\\"><div class=\\"line-number\\"></div><div class=\\"line-number\\"></div><div class=\\"line-number\\"></div><div class=\\"line-number\\"></div><div class=\\"line-number\\"></div></div></div><div class=\\"language-typescript line-numbers-mode\\" data-ext=\\"ts\\"><pre v-pre class=\\"language-typescript\\"><code>const foo = 'foo'

function bar () {
  return 1024
}
</code></pre><div class=\\"highlight-lines\\"><div class=\\"highlight-line\\">&nbsp;</div><div class=\\"highlight-line\\">&nbsp;</div><br><br><br></div><div class=\\"line-numbers\\" aria-hidden=\\"true\\"><div class=\\"line-number\\"></div><div class=\\"line-number\\"></div><div class=\\"line-number\\"></div><div class=\\"line-number\\"></div><div class=\\"line-number\\"></div></div></div><div class=\\"language-typescript line-numbers-mode\\" data-ext=\\"ts\\"><pre class=\\"language-typescript\\"><code>const foo = 'foo'

function bar () {
  return 1024
}
</code></pre><div class=\\"highlight-lines\\"><div class=\\"highlight-line\\">&nbsp;</div><div class=\\"highlight-line\\">&nbsp;</div><br><br><br></div><div class=\\"line-numbers\\" aria-hidden=\\"true\\"><div class=\\"line-number\\"></div><div class=\\"line-number\\"></div><div class=\\"line-number\\"></div><div class=\\"line-number\\"></div><div class=\\"line-number\\"></div></div></div>"
`;

exports[`@vuepress/markdown > plugins > codePlugin > :v-pre / :no-v-pre > should work properly if \`vPre.block\` is enabled by default 1`] = `
"<div class=\\"language-text line-numbers-mode\\" data-ext=\\"text\\"><pre v-pre class=\\"language-text\\"><code>Raw text
</code></pre><div class=\\"line-numbers\\" aria-hidden=\\"true\\"><div class=\\"line-number\\"></div></div></div><div class=\\"language-text line-numbers-mode\\" data-ext=\\"text\\"><pre v-pre class=\\"language-text\\"><code>Raw text
</code></pre><div class=\\"line-numbers\\" aria-hidden=\\"true\\"><div class=\\"line-number\\"></div></div></div><div class=\\"language-text line-numbers-mode\\" data-ext=\\"text\\"><pre class=\\"language-text\\"><code>Raw text
</code></pre><div class=\\"line-numbers\\" aria-hidden=\\"true\\"><div class=\\"line-number\\"></div></div></div><div class=\\"language-typescript line-numbers-mode\\" data-ext=\\"ts\\"><pre v-pre class=\\"language-typescript\\"><code>const foo = 'foo'

function bar () {
  return 1024
}
</code></pre><div class=\\"line-numbers\\" aria-hidden=\\"true\\"><div class=\\"line-number\\"></div><div class=\\"line-number\\"></div><div class=\\"line-number\\"></div><div class=\\"line-number\\"></div><div class=\\"line-number\\"></div></div></div><div class=\\"language-typescript line-numbers-mode\\" data-ext=\\"ts\\"><pre v-pre class=\\"language-typescript\\"><code>const foo = 'foo'

function bar () {
  return 1024
}
</code></pre><div class=\\"line-numbers\\" aria-hidden=\\"true\\"><div class=\\"line-number\\"></div><div class=\\"line-number\\"></div><div class=\\"line-number\\"></div><div class=\\"line-number\\"></div><div class=\\"line-number\\"></div></div></div><div class=\\"language-typescript line-numbers-mode\\" data-ext=\\"ts\\"><pre class=\\"language-typescript\\"><code>const foo = 'foo'

function bar () {
  return 1024
}
</code></pre><div class=\\"line-numbers\\" aria-hidden=\\"true\\"><div class=\\"line-number\\"></div><div class=\\"line-number\\"></div><div class=\\"line-number\\"></div><div class=\\"line-number\\"></div><div class=\\"line-number\\"></div></div></div><div class=\\"language-typescript line-numbers-mode\\" data-ext=\\"ts\\"><pre v-pre class=\\"language-typescript\\"><code>const foo = 'foo'

function bar () {
  return 1024
}
</code></pre><div class=\\"highlight-lines\\"><div class=\\"highlight-line\\">&nbsp;</div><div class=\\"highlight-line\\">&nbsp;</div><br><br><br></div><div class=\\"line-numbers\\" aria-hidden=\\"true\\"><div class=\\"line-number\\"></div><div class=\\"line-number\\"></div><div class=\\"line-number\\"></div><div class=\\"line-number\\"></div><div class=\\"line-number\\"></div></div></div><div class=\\"language-typescript line-numbers-mode\\" data-ext=\\"ts\\"><pre v-pre class=\\"language-typescript\\"><code>const foo = 'foo'

function bar () {
  return 1024
}
</code></pre><div class=\\"highlight-lines\\"><div class=\\"highlight-line\\">&nbsp;</div><div class=\\"highlight-line\\">&nbsp;</div><br><br><br></div><div class=\\"line-numbers\\" aria-hidden=\\"true\\"><div class=\\"line-number\\"></div><div class=\\"line-number\\"></div><div class=\\"line-number\\"></div><div class=\\"line-number\\"></div><div class=\\"line-number\\"></div></div></div><div class=\\"language-typescript line-numbers-mode\\" data-ext=\\"ts\\"><pre class=\\"language-typescript\\"><code>const foo = 'foo'

function bar () {
  return 1024
}
</code></pre><div class=\\"highlight-lines\\"><div class=\\"highlight-line\\">&nbsp;</div><div class=\\"highlight-line\\">&nbsp;</div><br><br><br></div><div class=\\"line-numbers\\" aria-hidden=\\"true\\"><div class=\\"line-number\\"></div><div class=\\"line-number\\"></div><div class=\\"line-number\\"></div><div class=\\"line-number\\"></div><div class=\\"line-number\\"></div></div></div>"
`;

exports[`@vuepress/markdown > plugins > codePlugin > plugin options > should disable \`highlightLines\` 1`] = `
"<div class=\\"language-text line-numbers-mode\\" data-ext=\\"text\\"><pre v-pre class=\\"language-text\\"><code>Raw text
</code></pre><div class=\\"line-numbers\\" aria-hidden=\\"true\\"><div class=\\"line-number\\"></div></div></div><div class=\\"language-typescript line-numbers-mode\\" data-ext=\\"ts\\"><pre v-pre class=\\"language-typescript\\"><code>const foo = 'foo'

function bar () {
  return 1024
}
</code></pre><div class=\\"line-numbers\\" aria-hidden=\\"true\\"><div class=\\"line-number\\"></div><div class=\\"line-number\\"></div><div class=\\"line-number\\"></div><div class=\\"line-number\\"></div><div class=\\"line-number\\"></div></div></div><div class=\\"language-typescript line-numbers-mode\\" data-ext=\\"ts\\"><pre v-pre class=\\"language-typescript\\"><code>const foo = 'foo'

function bar () {
  return 1024
}
</code></pre><div class=\\"line-numbers\\" aria-hidden=\\"true\\"><div class=\\"line-number\\"></div><div class=\\"line-number\\"></div><div class=\\"line-number\\"></div><div class=\\"line-number\\"></div><div class=\\"line-number\\"></div></div></div><div class=\\"language-typescript line-numbers-mode\\" data-ext=\\"ts\\"><pre v-pre class=\\"language-typescript\\"><code>const foo = 'foo'

function bar () {
  return 1024
}

const baz = () =&gt; {
  return 2048
}
</code></pre><div class=\\"line-numbers\\" aria-hidden=\\"true\\"><div class=\\"line-number\\"></div><div class=\\"line-number\\"></div><div class=\\"line-number\\"></div><div class=\\"line-number\\"></div><div class=\\"line-number\\"></div><div class=\\"line-number\\"></div><div class=\\"line-number\\"></div><div class=\\"line-number\\"></div><div class=\\"line-number\\"></div></div></div><p><code v-pre>{{ inlineCode }}</code></p>
"
`;

exports[`@vuepress/markdown > plugins > codePlugin > plugin options > should disable \`lineNumbers\` 1`] = `
"<div class=\\"language-text\\" data-ext=\\"text\\"><pre v-pre class=\\"language-text\\"><code>Raw text
</code></pre></div><div class=\\"language-typescript\\" data-ext=\\"ts\\"><pre v-pre class=\\"language-typescript\\"><code>const foo = 'foo'

function bar () {
  return 1024
}
</code></pre></div><div class=\\"language-typescript\\" data-ext=\\"ts\\"><pre v-pre class=\\"language-typescript\\"><code>const foo = 'foo'

function bar () {
  return 1024
}
</code></pre><div class=\\"highlight-lines\\"><div class=\\"highlight-line\\">&nbsp;</div><div class=\\"highlight-line\\">&nbsp;</div><br><br><br></div></div><div class=\\"language-typescript\\" data-ext=\\"ts\\"><pre v-pre class=\\"language-typescript\\"><code>const foo = 'foo'

function bar () {
  return 1024
}

const baz = () =&gt; {
  return 2048
}
</code></pre><div class=\\"highlight-lines\\"><div class=\\"highlight-line\\">&nbsp;</div><div class=\\"highlight-line\\">&nbsp;</div><div class=\\"highlight-line\\">&nbsp;</div><div class=\\"highlight-line\\">&nbsp;</div><div class=\\"highlight-line\\">&nbsp;</div><br><br><br><br></div></div><p><code v-pre>{{ inlineCode }}</code></p>
"
`;

exports[`@vuepress/markdown > plugins > codePlugin > plugin options > should disable \`preWrapper\` 1`] = `
"<pre v-pre class=\\"language-text\\"><code>Raw text
</code></pre><pre v-pre class=\\"language-typescript\\"><code>const foo = 'foo'

function bar () {
  return 1024
}
</code></pre><pre v-pre class=\\"language-typescript\\"><code>const foo = 'foo'

function bar () {
  return 1024
}
</code></pre><pre v-pre class=\\"language-typescript\\"><code>const foo = 'foo'

function bar () {
  return 1024
}

const baz = () =&gt; {
  return 2048
}
</code></pre><p><code v-pre>{{ inlineCode }}</code></p>
"
`;

exports[`@vuepress/markdown > plugins > codePlugin > plugin options > should disable \`vPre.block\` 1`] = `
"<div class=\\"language-text line-numbers-mode\\" data-ext=\\"text\\"><pre class=\\"language-text\\"><code>Raw text
</code></pre><div class=\\"line-numbers\\" aria-hidden=\\"true\\"><div class=\\"line-number\\"></div></div></div><div class=\\"language-typescript line-numbers-mode\\" data-ext=\\"ts\\"><pre class=\\"language-typescript\\"><code>const foo = 'foo'

function bar () {
  return 1024
}
</code></pre><div class=\\"line-numbers\\" aria-hidden=\\"true\\"><div class=\\"line-number\\"></div><div class=\\"line-number\\"></div><div class=\\"line-number\\"></div><div class=\\"line-number\\"></div><div class=\\"line-number\\"></div></div></div><div class=\\"language-typescript line-numbers-mode\\" data-ext=\\"ts\\"><pre class=\\"language-typescript\\"><code>const foo = 'foo'

function bar () {
  return 1024
}
</code></pre><div class=\\"highlight-lines\\"><div class=\\"highlight-line\\">&nbsp;</div><div class=\\"highlight-line\\">&nbsp;</div><br><br><br></div><div class=\\"line-numbers\\" aria-hidden=\\"true\\"><div class=\\"line-number\\"></div><div class=\\"line-number\\"></div><div class=\\"line-number\\"></div><div class=\\"line-number\\"></div><div class=\\"line-number\\"></div></div></div><div class=\\"language-typescript line-numbers-mode\\" data-ext=\\"ts\\"><pre class=\\"language-typescript\\"><code>const foo = 'foo'

function bar () {
  return 1024
}

const baz = () =&gt; {
  return 2048
}
</code></pre><div class=\\"highlight-lines\\"><div class=\\"highlight-line\\">&nbsp;</div><div class=\\"highlight-line\\">&nbsp;</div><div class=\\"highlight-line\\">&nbsp;</div><div class=\\"highlight-line\\">&nbsp;</div><div class=\\"highlight-line\\">&nbsp;</div><br><br><br><br></div><div class=\\"line-numbers\\" aria-hidden=\\"true\\"><div class=\\"line-number\\"></div><div class=\\"line-number\\"></div><div class=\\"line-number\\"></div><div class=\\"line-number\\"></div><div class=\\"line-number\\"></div><div class=\\"line-number\\"></div><div class=\\"line-number\\"></div><div class=\\"line-number\\"></div><div class=\\"line-number\\"></div></div></div><p><code v-pre>{{ inlineCode }}</code></p>
"
`;

exports[`@vuepress/markdown > plugins > codePlugin > plugin options > should disable \`vPre.inline\` 1`] = `
"<div class=\\"language-text line-numbers-mode\\" data-ext=\\"text\\"><pre v-pre class=\\"language-text\\"><code>Raw text
</code></pre><div class=\\"line-numbers\\" aria-hidden=\\"true\\"><div class=\\"line-number\\"></div></div></div><div class=\\"language-typescript line-numbers-mode\\" data-ext=\\"ts\\"><pre v-pre class=\\"language-typescript\\"><code>const foo = 'foo'

function bar () {
  return 1024
}
</code></pre><div class=\\"line-numbers\\" aria-hidden=\\"true\\"><div class=\\"line-number\\"></div><div class=\\"line-number\\"></div><div class=\\"line-number\\"></div><div class=\\"line-number\\"></div><div class=\\"line-number\\"></div></div></div><div class=\\"language-typescript line-numbers-mode\\" data-ext=\\"ts\\"><pre v-pre class=\\"language-typescript\\"><code>const foo = 'foo'

function bar () {
  return 1024
}
</code></pre><div class=\\"highlight-lines\\"><div class=\\"highlight-line\\">&nbsp;</div><div class=\\"highlight-line\\">&nbsp;</div><br><br><br></div><div class=\\"line-numbers\\" aria-hidden=\\"true\\"><div class=\\"line-number\\"></div><div class=\\"line-number\\"></div><div class=\\"line-number\\"></div><div class=\\"line-number\\"></div><div class=\\"line-number\\"></div></div></div><div class=\\"language-typescript line-numbers-mode\\" data-ext=\\"ts\\"><pre v-pre class=\\"language-typescript\\"><code>const foo = 'foo'

function bar () {
  return 1024
}

const baz = () =&gt; {
  return 2048
}
</code></pre><div class=\\"highlight-lines\\"><div class=\\"highlight-line\\">&nbsp;</div><div class=\\"highlight-line\\">&nbsp;</div><div class=\\"highlight-line\\">&nbsp;</div><div class=\\"highlight-line\\">&nbsp;</div><div class=\\"highlight-line\\">&nbsp;</div><br><br><br><br></div><div class=\\"line-numbers\\" aria-hidden=\\"true\\"><div class=\\"line-number\\"></div><div class=\\"line-number\\"></div><div class=\\"line-number\\"></div><div class=\\"line-number\\"></div><div class=\\"line-number\\"></div><div class=\\"line-number\\"></div><div class=\\"line-number\\"></div><div class=\\"line-number\\"></div><div class=\\"line-number\\"></div></div></div><p><code>{{ inlineCode }}</code></p>
"
`;

exports[`@vuepress/markdown > plugins > codePlugin > plugin options > should disable \`vPre.inline\` and \`vPre.block\` 1`] = `
"<div class=\\"language-text line-numbers-mode\\" data-ext=\\"text\\"><pre class=\\"language-text\\"><code>Raw text
</code></pre><div class=\\"line-numbers\\" aria-hidden=\\"true\\"><div class=\\"line-number\\"></div></div></div><div class=\\"language-typescript line-numbers-mode\\" data-ext=\\"ts\\"><pre class=\\"language-typescript\\"><code>const foo = 'foo'

function bar () {
  return 1024
}
</code></pre><div class=\\"line-numbers\\" aria-hidden=\\"true\\"><div class=\\"line-number\\"></div><div class=\\"line-number\\"></div><div class=\\"line-number\\"></div><div class=\\"line-number\\"></div><div class=\\"line-number\\"></div></div></div><div class=\\"language-typescript line-numbers-mode\\" data-ext=\\"ts\\"><pre class=\\"language-typescript\\"><code>const foo = 'foo'

function bar () {
  return 1024
}
</code></pre><div class=\\"highlight-lines\\"><div class=\\"highlight-line\\">&nbsp;</div><div class=\\"highlight-line\\">&nbsp;</div><br><br><br></div><div class=\\"line-numbers\\" aria-hidden=\\"true\\"><div class=\\"line-number\\"></div><div class=\\"line-number\\"></div><div class=\\"line-number\\"></div><div class=\\"line-number\\"></div><div class=\\"line-number\\"></div></div></div><div class=\\"language-typescript line-numbers-mode\\" data-ext=\\"ts\\"><pre class=\\"language-typescript\\"><code>const foo = 'foo'

function bar () {
  return 1024
}

const baz = () =&gt; {
  return 2048
}
</code></pre><div class=\\"highlight-lines\\"><div class=\\"highlight-line\\">&nbsp;</div><div class=\\"highlight-line\\">&nbsp;</div><div class=\\"highlight-line\\">&nbsp;</div><div class=\\"highlight-line\\">&nbsp;</div><div class=\\"highlight-line\\">&nbsp;</div><br><br><br><br></div><div class=\\"line-numbers\\" aria-hidden=\\"true\\"><div class=\\"line-number\\"></div><div class=\\"line-number\\"></div><div class=\\"line-number\\"></div><div class=\\"line-number\\"></div><div class=\\"line-number\\"></div><div class=\\"line-number\\"></div><div class=\\"line-number\\"></div><div class=\\"line-number\\"></div><div class=\\"line-number\\"></div></div></div><p><code>{{ inlineCode }}</code></p>
"
`;

exports[`@vuepress/markdown > plugins > codePlugin > plugin options > should enable \`lineNumbers\` according to number of code lines 1`] = `
"<div class=\\"language-text\\" data-ext=\\"text\\"><pre v-pre class=\\"language-text\\"><code>Raw text
</code></pre></div><div class=\\"language-typescript line-numbers-mode\\" data-ext=\\"ts\\"><pre v-pre class=\\"language-typescript\\"><code>const foo = 'foo'

function bar () {
  return 1024
}
</code></pre><div class=\\"line-numbers\\" aria-hidden=\\"true\\"><div class=\\"line-number\\"></div><div class=\\"line-number\\"></div><div class=\\"line-number\\"></div><div class=\\"line-number\\"></div><div class=\\"line-number\\"></div></div></div><div class=\\"language-typescript line-numbers-mode\\" data-ext=\\"ts\\"><pre v-pre class=\\"language-typescript\\"><code>const foo = 'foo'

function bar () {
  return 1024
}
</code></pre><div class=\\"highlight-lines\\"><div class=\\"highlight-line\\">&nbsp;</div><div class=\\"highlight-line\\">&nbsp;</div><br><br><br></div><div class=\\"line-numbers\\" aria-hidden=\\"true\\"><div class=\\"line-number\\"></div><div class=\\"line-number\\"></div><div class=\\"line-number\\"></div><div class=\\"line-number\\"></div><div class=\\"line-number\\"></div></div></div><div class=\\"language-typescript line-numbers-mode\\" data-ext=\\"ts\\"><pre v-pre class=\\"language-typescript\\"><code>const foo = 'foo'

function bar () {
  return 1024
}

const baz = () =&gt; {
  return 2048
}
</code></pre><div class=\\"highlight-lines\\"><div class=\\"highlight-line\\">&nbsp;</div><div class=\\"highlight-line\\">&nbsp;</div><div class=\\"highlight-line\\">&nbsp;</div><div class=\\"highlight-line\\">&nbsp;</div><div class=\\"highlight-line\\">&nbsp;</div><br><br><br><br></div><div class=\\"line-numbers\\" aria-hidden=\\"true\\"><div class=\\"line-number\\"></div><div class=\\"line-number\\"></div><div class=\\"line-number\\"></div><div class=\\"line-number\\"></div><div class=\\"line-number\\"></div><div class=\\"line-number\\"></div><div class=\\"line-number\\"></div><div class=\\"line-number\\"></div><div class=\\"line-number\\"></div></div></div><p><code v-pre>{{ inlineCode }}</code></p>
"
`;

exports[`@vuepress/markdown > plugins > codePlugin > plugin options > should process code fences with default options 1`] = `
"<div class=\\"language-text line-numbers-mode\\" data-ext=\\"text\\"><pre v-pre class=\\"language-text\\"><code>Raw text
</code></pre><div class=\\"line-numbers\\" aria-hidden=\\"true\\"><div class=\\"line-number\\"></div></div></div><div class=\\"language-typescript line-numbers-mode\\" data-ext=\\"ts\\"><pre v-pre class=\\"language-typescript\\"><code>const foo = 'foo'

function bar () {
  return 1024
}
</code></pre><div class=\\"line-numbers\\" aria-hidden=\\"true\\"><div class=\\"line-number\\"></div><div class=\\"line-number\\"></div><div class=\\"line-number\\"></div><div class=\\"line-number\\"></div><div class=\\"line-number\\"></div></div></div><div class=\\"language-typescript line-numbers-mode\\" data-ext=\\"ts\\"><pre v-pre class=\\"language-typescript\\"><code>const foo = 'foo'

function bar () {
  return 1024
}
</code></pre><div class=\\"highlight-lines\\"><div class=\\"highlight-line\\">&nbsp;</div><div class=\\"highlight-line\\">&nbsp;</div><br><br><br></div><div class=\\"line-numbers\\" aria-hidden=\\"true\\"><div class=\\"line-number\\"></div><div class=\\"line-number\\"></div><div class=\\"line-number\\"></div><div class=\\"line-number\\"></div><div class=\\"line-number\\"></div></div></div><div class=\\"language-typescript line-numbers-mode\\" data-ext=\\"ts\\"><pre v-pre class=\\"language-typescript\\"><code>const foo = 'foo'

function bar () {
  return 1024
}

const baz = () =&gt; {
  return 2048
}
</code></pre><div class=\\"highlight-lines\\"><div class=\\"highlight-line\\">&nbsp;</div><div class=\\"highlight-line\\">&nbsp;</div><div class=\\"highlight-line\\">&nbsp;</div><div class=\\"highlight-line\\">&nbsp;</div><div class=\\"highlight-line\\">&nbsp;</div><br><br><br><br></div><div class=\\"line-numbers\\" aria-hidden=\\"true\\"><div class=\\"line-number\\"></div><div class=\\"line-number\\"></div><div class=\\"line-number\\"></div><div class=\\"line-number\\"></div><div class=\\"line-number\\"></div><div class=\\"line-number\\"></div><div class=\\"line-number\\"></div><div class=\\"line-number\\"></div><div class=\\"line-number\\"></div></div></div><p><code v-pre>{{ inlineCode }}</code></p>
"
`;

exports[`@vuepress/markdown > plugins > codePlugin > syntax highlighting > should work if highlighted code is not wrapped with \`<pre>\` 1`] = `
"<div class=\\"language-text line-numbers-mode\\" data-ext=\\"text\\"><pre v-pre class=\\"language-text\\"><code>highlighted code: Raw text
, lang: text</code></pre><div class=\\"line-numbers\\" aria-hidden=\\"true\\"><div class=\\"line-number\\"></div></div></div><div class=\\"language-javascript line-numbers-mode\\" data-ext=\\"js\\"><pre v-pre class=\\"language-javascript\\"><code>highlighted code: const foo = 'foo'

function bar () {
  return 1024
}
, lang: javascript</code></pre><div class=\\"line-numbers\\" aria-hidden=\\"true\\"><div class=\\"line-number\\"></div><div class=\\"line-number\\"></div><div class=\\"line-number\\"></div><div class=\\"line-number\\"></div><div class=\\"line-number\\"></div></div></div><div class=\\"language-typescript line-numbers-mode\\" data-ext=\\"ts\\"><pre v-pre class=\\"language-typescript\\"><code>highlighted code: const foo: string = 'foo'

function bar (): number {
  return 1024
}
, lang: typescript</code></pre><div class=\\"line-numbers\\" aria-hidden=\\"true\\"><div class=\\"line-number\\"></div><div class=\\"line-number\\"></div><div class=\\"line-number\\"></div><div class=\\"line-number\\"></div><div class=\\"line-number\\"></div></div></div><div class=\\"language-vue-html line-numbers-mode\\" data-ext=\\"vue-html\\"><pre v-pre class=\\"language-vue-html\\"><code>highlighted code: <template>
  <div>msg: {{msg}}</div>
</template>
<script setup lang=\\"ts\\">
const msg = 'hello world';
</script>
, lang: vue-html</code></pre><div class=\\"line-numbers\\" aria-hidden=\\"true\\"><div class=\\"line-number\\"></div><div class=\\"line-number\\"></div><div class=\\"line-number\\"></div><div class=\\"line-number\\"></div><div class=\\"line-number\\"></div><div class=\\"line-number\\"></div></div></div>"
`;

exports[`@vuepress/markdown > plugins > codePlugin > syntax highlighting > should work if highlighted code is wrapped with \`<pre>\` 1`] = `
"<div class=\\"language-text line-numbers-mode\\" data-ext=\\"text\\"><pre v-pre><code>highlighted code: Raw text
, lang: text</code></pre><div class=\\"line-numbers\\" aria-hidden=\\"true\\"><div class=\\"line-number\\"></div></div></div><div class=\\"language-javascript line-numbers-mode\\" data-ext=\\"js\\"><pre v-pre><code>highlighted code: const foo = 'foo'

function bar () {
  return 1024
}
, lang: javascript</code></pre><div class=\\"line-numbers\\" aria-hidden=\\"true\\"><div class=\\"line-number\\"></div><div class=\\"line-number\\"></div><div class=\\"line-number\\"></div><div class=\\"line-number\\"></div><div class=\\"line-number\\"></div></div></div><div class=\\"language-typescript line-numbers-mode\\" data-ext=\\"ts\\"><pre v-pre><code>highlighted code: const foo: string = 'foo'

function bar (): number {
  return 1024
}
, lang: typescript</code></pre><div class=\\"line-numbers\\" aria-hidden=\\"true\\"><div class=\\"line-number\\"></div><div class=\\"line-number\\"></div><div class=\\"line-number\\"></div><div class=\\"line-number\\"></div><div class=\\"line-number\\"></div></div></div><div class=\\"language-vue-html line-numbers-mode\\" data-ext=\\"vue-html\\"><pre v-pre><code>highlighted code: <template>
  <div>msg: {{msg}}</div>
</template>
<script setup lang=\\"ts\\">
const msg = 'hello world';
</script>
, lang: vue-html</code></pre><div class=\\"line-numbers\\" aria-hidden=\\"true\\"><div class=\\"line-number\\"></div><div class=\\"line-number\\"></div><div class=\\"line-number\\"></div><div class=\\"line-number\\"></div><div class=\\"line-number\\"></div><div class=\\"line-number\\"></div></div></div>"
`;
