// Vitest Snapshot v1, https://vitest.dev/guide/snapshot.html

exports[`@vuepress/markdown > plugins > importCodePlugin > compatibility with codePlugin > should work with syntax supported by codePlugin 1`] = `
"<div class=\\"language-javascript line-numbers-mode\\" data-ext=\\"js\\"><pre v-pre class=\\"language-javascript\\"><code>const msg = 'hello from js'

console.log(msg)

console.log('foo bar')
</code></pre><div class=\\"highlight-lines\\"><div class=\\"highlight-line\\">&nbsp;</div><br><div class=\\"highlight-line\\">&nbsp;</div><div class=\\"highlight-line\\">&nbsp;</div><br></div><div class=\\"line-numbers\\" aria-hidden=\\"true\\"><div class=\\"line-number\\"></div><div class=\\"line-number\\"></div><div class=\\"line-number\\"></div><div class=\\"line-number\\"></div><div class=\\"line-number\\"></div></div></div><div class=\\"language-markdown\\" data-ext=\\"md\\"><pre v-pre class=\\"language-markdown\\"><code># msg

hello from md

## foo bar
</code></pre></div>"
`;
